2026-04-26 12:19:45,495 - INFO - [mandala_draw.py:282] - mandala_draw: generated 4/4
2026-04-26 12:19:49,366 - INFO - [staticGenerator.py:53] - staticGenerator <- ken_10-A.jpeg
2026-04-26 12:19:49,368 - INFO - [staticGenerator.py:53] - staticGenerator <- ken_a9-A.jpeg
2026-04-26 12:19:49,374 - INFO - [staticGenerator.py:53] - staticGenerator <- IMG_0154.jpeg
2026-04-26 12:19:49,376 - INFO - [staticGenerator.py:53] - staticGenerator <- IMG_0170.jpeg
2026-04-26 12:19:49,379 - INFO - [staticGenerator.py:53] - staticGenerator <- IMG_0161.jpeg
2026-04-26 12:19:49,381 - INFO - [staticGenerator.py:53] - staticGenerator <- IMG_0164.jpeg
2026-04-26 12:20:02,186 - INFO - [pipeline.py:122] - "FlipWilsonTransformer","keep=left,narrow=0.30"
2026-04-26 12:20:02,214 - INFO - [pipeline.py:122] - "GlitchWarpTransformer","intensity=0.01"
2026-04-26 12:20:02,256 - INFO - [pipeline.py:122] - "FractalWarpTransformer","iter=1,scale=0.05"
2026-04-26 12:20:02,292 - INFO - [pipeline.py:122] - "FluidWarpTransformer","alpha=2.54,sigma=2.80"
2026-04-26 12:20:02,312 - INFO - [pipeline.py:236] - [Grade: C] Saved to: /Users/kenfasano/Scripts/ScreenArt/Images/TransformedImages/ascii_0-C_8934.jpeg
2026-04-26 12:20:02,508 - INFO - [pipeline.py:122] - "WheelTransformer","blend=add,copies=5"
2026-04-26 12:20:02,670 - INFO - [pipeline.py:122] - "PixelSortTransformer","direction=cols,high=0.77,low=0.19,sort_key=green"
2026-04-26 12:20:02,692 - INFO - [pipeline.py:236] - [Grade: A] Saved to: /Users/kenfasano/Scripts/ScreenArt/Images/TransformedImages/psalms_98-A-hero_c485.jpeg
2026-04-26 12:20:02,950 - INFO - [pipeline.py:122] - "PixelSortTransformer","direction=cols,high=0.56,low=0.11,sort_key=saturation"
2026-04-26 12:20:02,977 - INFO - [pipeline.py:122] - "GlitchWarpTransformer","intensity=0.01"
2026-04-26 12:20:02,997 - INFO - [pipeline.py:236] - [Grade: A] Saved to: /Users/kenfasano/Scripts/ScreenArt/Images/TransformedImages/psalms_102-A-tile_275b.jpeg
2026-04-26 12:20:03,039 - INFO - [pipeline.py:122] - "FractalWarpTransformer","iter=1,scale=0.05"
2026-04-26 12:20:03,227 - INFO - [pipeline.py:122] - "WheelTransformer","blend=add,copies=5"
2026-04-26 12:20:03,286 - INFO - [pipeline.py:122] - "FlipWilsonTransformer","keep=left,narrow=0.30"
2026-04-26 12:20:03,305 - INFO - [pipeline.py:236] - [Grade: A] Saved to: /Users/kenfasano/Scripts/ScreenArt/Images/TransformedImages/psalms_4-A-scatter_6bfd.jpeg
2026-04-26 12:20:03,325 - INFO - [pipeline.py:122] - "PosterizationTransformer","levels=4"
2026-04-26 12:20:03,342 - INFO - [pipeline.py:236] - [Grade: C] Saved to: /Users/kenfasano/Scripts/ScreenArt/Images/TransformedImages/psalms_55-C-hero_a72e.jpeg
2026-04-26 12:20:03,387 - INFO - [pipeline.py:122] - "SwirlWarpTransformer","strength=1.50"
2026-04-26 12:20:03,399 - INFO - [pipeline.py:122] - "PosterizationTransformer","levels=4"
2026-04-26 12:20:03,418 - INFO - [pipeline.py:236] - [Grade: A] Saved to: /Users/kenfasano/Scripts/ScreenArt/Images/TransformedImages/cubes_2-A_6257.jpeg
2026-04-26 12:20:03,487 - INFO - [pipeline.py:122] - "FlipWilsonTransformer","keep=left,narrow=0.30"
2026-04-26 12:20:03,528 - INFO - [pipeline.py:122] - "DataMoshTransformer","intensity=0.02"
2026-04-26 12:20:03,558 - INFO - [pipeline.py:122] - "FisheyeTransformer","shape=circle,strength=0.31,zoom=1.01"
2026-04-26 12:20:03,695 - INFO - [pipeline.py:122] - "PixelSortTransformer","direction=cols,high=0.80,low=0.22,sort_key=brightness"
2026-04-26 12:20:03,716 - INFO - [pipeline.py:236] - [Grade: A] Saved to: /Users/kenfasano/Scripts/ScreenArt/Images/TransformedImages/cubes_3-A_a9c8.jpeg
2026-04-26 12:20:03,759 - INFO - [pipeline.py:122] - "ThermalImagingTransformer","thermal=True"
2026-04-26 12:20:03,821 - INFO - [pipeline.py:122] - "PixelSortTransformer","direction=cols,high=0.91,low=0.20,sort_key=brightness"
2026-04-26 12:20:03,839 - INFO - [pipeline.py:236] - [Grade: A] Saved to: /Users/kenfasano/Scripts/ScreenArt/Images/TransformedImages/cubes_1-A_94d7.jpeg
2026-04-26 12:20:03,859 - INFO - [pipeline.py:122] - "ColormapTransformer","map=spring"
2026-04-26 12:20:04,074 - INFO - [pipeline.py:122] - "WatercolorTransformer","scale=0.85,style=psychedelic"
2026-04-26 12:20:04,091 - INFO - [pipeline.py:236] - [Grade: F] Saved to: /Users/kenfasano/Scripts/ScreenArt/Images/Rejected/cubes_2-F_1428.jpeg
2026-04-26 12:20:04,122 - INFO - [pipeline.py:122] - "RadialWarpTransformer","radius=0.25,strength=52.05296762002428,103.86169624859265,style=pull,pull"
2026-04-26 12:20:04,141 - INFO - [pipeline.py:236] - [Grade: A] Saved to: /Users/kenfasano/Scripts/ScreenArt/Images/TransformedImages/cubes_3-A_9491.jpeg
2026-04-26 12:20:04,210 - INFO - [pipeline.py:122] - "FlipWilsonTransformer","keep=left,narrow=0.30"
2026-04-26 12:20:04,396 - INFO - [pipeline.py:122] - "WheelTransformer","blend=add,copies=5"
2026-04-26 12:20:04,435 - INFO - [pipeline.py:122] - "FluidWarpTransformer","alpha=4.65,sigma=4.31"
2026-04-26 12:20:04,455 - INFO - [pipeline.py:236] - [Grade: A] Saved to: /Users/kenfasano/Scripts/ScreenArt/Images/TransformedImages/cubes_1-A_0af8.jpeg
2026-04-26 12:20:04,478 - INFO - [pipeline.py:122] - "RadialWarpTransformer","radius=0.25,strength=41.59611652326821,style=pull"
2026-04-26 12:20:04,491 - INFO - [pipeline.py:236] - [Grade: A] Saved to: /Users/kenfasano/Scripts/ScreenArt/Images/TransformedImages/noaa_goes_1_se_Fire_Temperature-A_aa12.jpeg
2026-04-26 12:20:04,545 - INFO - [pipeline.py:122] - "FlipWilsonTransformer","keep=left,narrow=0.30"
2026-04-26 12:20:04,559 - INFO - [pipeline.py:236] - [Grade: A] Saved to: /Users/kenfasano/Scripts/ScreenArt/Images/TransformedImages/noaa_goes_2_se_Day_Night_Cloud_Micro-A_cb43.jpeg
2026-04-26 12:20:04,779 - INFO - [pipeline.py:122] - "WatercolorTransformer","scale=0.85,style=monet"
2026-04-26 12:20:04,795 - INFO - [pipeline.py:122] - "RadialWarpTransformer","radius=0.25,strength=60.94501924227666,style=push"
2026-04-26 12:20:04,814 - INFO - [pipeline.py:236] - [Grade: B] Saved to: /Users/kenfasano/Scripts/ScreenArt/Images/TransformedImages/lojong_2-B-scatter_79e4.jpeg
2026-04-26 12:20:04,835 - INFO - [pipeline.py:122] - "ColormapTransformer","map=summer"
2026-04-26 12:20:04,875 - INFO - [pipeline.py:122] - "OilPaintingTransformer","dyn_ratio=5,size=5"
2026-04-26 12:20:04,921 - INFO - [pipeline.py:122] - "FluidWarpTransformer","alpha=0.25,sigma=5.86"
2026-04-26 12:20:04,941 - INFO - [pipeline.py:236] - [Grade: C] Saved to: /Users/kenfasano/Scripts/ScreenArt/Images/TransformedImages/lojong_3-C-tile_143e.jpeg
2026-04-26 12:20:04,974 - INFO - [pipeline.py:122] - "FisheyeTransformer","shape=oval,strength=0.26,zoom=1.11"
2026-04-26 12:20:04,991 - INFO - [pipeline.py:236] - [Grade: B] Saved to: /Users/kenfasano/Scripts/ScreenArt/Images/TransformedImages/lojong_0-B-scatter_b871.jpeg
2026-04-26 12:20:05,052 - INFO - [pipeline.py:122] - "HalftoneTransformer","size=2"
2026-04-26 12:20:05,069 - INFO - [pipeline.py:236] - [Grade: A] Saved to: /Users/kenfasano/Scripts/ScreenArt/Images/TransformedImages/lojong_1-A-scatter_7431.jpeg
2026-04-26 12:20:05,146 - INFO - [pipeline.py:122] - "MeltMorphTransformer","intensity=0.50"
2026-04-26 12:20:05,167 - INFO - [pipeline.py:236] - [Grade: A] Saved to: /Users/kenfasano/Scripts/ScreenArt/Images/TransformedImages/mandala_draw_1-A_4d75.jpeg
2026-04-26 12:20:05,389 - INFO - [pipeline.py:122] - "WheelTransformer","blend=add,copies=5"
2026-04-26 12:20:05,409 - INFO - [pipeline.py:236] - [Grade: A] Saved to: /Users/kenfasano/Scripts/ScreenArt/Images/TransformedImages/mandala_draw_0-A_5d74.jpeg
2026-04-26 12:20:05,446 - INFO - [pipeline.py:122] - "OilPaintingTransformer","dyn_ratio=7,size=4"
2026-04-26 12:20:05,491 - INFO - [pipeline.py:122] - "DataMoshTransformer","intensity=0.02"
2026-04-26 12:20:05,512 - INFO - [pipeline.py:236] - [Grade: A] Saved to: /Users/kenfasano/Scripts/ScreenArt/Images/TransformedImages/mandala_draw_3-A_2a18.jpeg
2026-04-26 12:20:05,569 - INFO - [pipeline.py:122] - "SwirlWarpTransformer","strength=1.50"
2026-04-26 12:20:05,590 - INFO - [pipeline.py:236] - [Grade: C] Saved to: /Users/kenfasano/Scripts/ScreenArt/Images/TransformedImages/mandala_draw_2-C_cdb1.jpeg
2026-04-26 12:20:05,642 - INFO - [pipeline.py:122] - "SwirlWarpTransformer","strength=1.50"
2026-04-26 12:20:05,672 - INFO - [pipeline.py:122] - "FluidWarpTransformer","alpha=9.23,sigma=0.54"
2026-04-26 12:20:05,696 - INFO - [pipeline.py:236] - [Grade: B] Saved to: /Users/kenfasano/Scripts/ScreenArt/Images/TransformedImages/nasa_earth_3_Buenos_Aires_Vegetation_False_Color-B_8d91.jpeg
2026-04-26 12:20:05,742 - INFO - [pipeline.py:122] - "FractalWarpTransformer","iter=1,scale=0.05"
2026-04-26 12:20:06,110 - INFO - [pipeline.py:122] - "PixelSortTransformer","direction=cols,high=0.56,low=0.22,sort_key=green"
2026-04-26 12:20:06,137 - INFO - [pipeline.py:122] - "GlitchWarpTransformer","intensity=0.01"
2026-04-26 12:20:06,195 - INFO - [pipeline.py:122] - "FlipWilsonTransformer","keep=left,narrow=0.30"
2026-04-26 12:20:06,217 - INFO - [pipeline.py:236] - [Grade: B] Saved to: /Users/kenfasano/Scripts/ScreenArt/Images/TransformedImages/nasa_earth_1_Cape_Town_True_Color-B_ce45.jpeg
2026-04-26 12:20:06,408 - INFO - [pipeline.py:122] - "WheelTransformer","blend=add,copies=5"
2026-04-26 12:20:06,459 - INFO - [pipeline.py:122] - "OilPaintingTransformer","dyn_ratio=7,size=7"
2026-04-26 12:20:06,475 - INFO - [pipeline.py:236] - [Grade: F] Saved to: /Users/kenfasano/Scripts/ScreenArt/Images/Rejected/nasa_earth_2_Beijing_Night_Lights-F_af7d.jpeg
2026-04-26 12:20:06,488 - INFO - [pipeline.py:122] - "ChromaticAberrationTransformer","angle=45.70,edge_fade=1,shift=10.90"
2026-04-26 12:20:06,492 - INFO - [pipeline.py:122] - "ColormapTransformer","map=cool"
2026-04-26 12:20:06,521 - INFO - [pipeline.py:122] - "FluidWarpTransformer","alpha=3.19,sigma=3.57"
2026-04-26 12:20:06,533 - INFO - [pipeline.py:122] - "DataMoshTransformer","intensity=0.01"
2026-04-26 12:20:06,540 - INFO - [pipeline.py:236] - [Grade: C] Saved to: /Users/kenfasano/Scripts/ScreenArt/Images/TransformedImages/Mars23Jul2020-LDB3-C_1f2b.jpg
2026-04-26 12:20:06,548 - INFO - [pipeline.py:122] - "ColormapTransformer","map=ocean"
2026-04-26 12:20:06,556 - INFO - [pipeline.py:236] - [Grade: A] Saved to: /Users/kenfasano/Scripts/ScreenArt/Images/TransformedImages/AldrinVisorCrop_Apollo11_1080-A_1aaf.jpg
2026-04-26 12:20:06,566 - INFO - [pipeline.py:122] - "FisheyeTransformer","shape=oval,strength=0.28,zoom=1.11"
2026-04-26 12:20:06,579 - INFO - [pipeline.py:122] - "FluidWarpTransformer","alpha=13.16,sigma=6.10"
2026-04-26 12:20:06,590 - INFO - [pipeline.py:122] - "DataMoshTransformer","intensity=0.01"
2026-04-26 12:20:06,596 - INFO - [pipeline.py:236] - [Grade: A] Saved to: /Users/kenfasano/Scripts/ScreenArt/Images/TransformedImages/KingOfWings_Pinkston_960-A_e194.jpg
2026-04-26 12:20:06,614 - INFO - [pipeline.py:122] - "HalftoneTransformer","size=2"
2026-04-26 12:20:06,620 - INFO - [pipeline.py:236] - [Grade: C] Saved to: /Users/kenfasano/Scripts/ScreenArt/Images/TransformedImages/NGC7331_crawford900c-C_79c7.jpg
2026-04-26 12:20:06,647 - INFO - [pipeline.py:122] - "FluidWarpTransformer","alpha=2.70,sigma=5.92"
2026-04-26 12:20:06,654 - INFO - [pipeline.py:236] - [Grade: C] Saved to: /Users/kenfasano/Scripts/ScreenArt/Images/TransformedImages/C2020_F3_NEOWISE_2020_07_10_druckmuller1024-C_86f0.jpg
2026-04-26 12:20:06,848 - INFO - [pipeline.py:122] - "VoronoiTransformer","edge_blend=1,num_points=326"
2026-04-26 12:20:06,865 - INFO - [pipeline.py:122] - "DataMoshTransformer","intensity=0.02"
2026-04-26 12:20:06,877 - INFO - [pipeline.py:122] - "GlitchWarpTransformer","intensity=0.01"
2026-04-26 12:20:06,904 - INFO - [pipeline.py:122] - "KaleidoscopeTransformer","cx_off=0.08,cy_off=0.04,segments=12"
2026-04-26 12:20:06,913 - INFO - [pipeline.py:236] - [Grade: C] Saved to: /Users/kenfasano/Scripts/ScreenArt/Images/TransformedImages/orion1901_ritchey1024-C_f68b.jpg
2026-04-26 12:20:06,944 - INFO - [pipeline.py:122] - "MeltMorphTransformer","intensity=0.50"
2026-04-26 12:20:06,969 - INFO - [pipeline.py:122] - "KaleidoscopeTransformer","cx_off=-0.00,cy_off=0.05,segments=4"
2026-04-26 12:20:06,996 - INFO - [pipeline.py:122] - "FlipWilsonTransformer","keep=left,narrow=0.30"
2026-04-26 12:20:07,005 - INFO - [pipeline.py:236] - [Grade: A] Saved to: /Users/kenfasano/Scripts/ScreenArt/Images/TransformedImages/StanHonda2024TSEMagogCanada1200-A_fabc.jpg
2026-04-26 12:20:07,015 - INFO - [pipeline.py:122] - "GlitchWarpTransformer","intensity=0.01"
2026-04-26 12:20:07,025 - INFO - [pipeline.py:122] - "FluidWarpTransformer","alpha=0.05,sigma=3.98"
2026-04-26 12:20:07,037 - INFO - [pipeline.py:122] - "SwirlWarpTransformer","strength=1.50"
2026-04-26 12:20:07,048 - INFO - [pipeline.py:122] - "HalftoneTransformer","size=2"
2026-04-26 12:20:07,054 - INFO - [pipeline.py:236] - [Grade: A] Saved to: /Users/kenfasano/Scripts/ScreenArt/Images/TransformedImages/tse2009HongKong_lee_0655_900-A_8a29.jpg
2026-04-26 12:20:07,098 - INFO - [pipeline.py:122] - "HalftoneTransformer","size=2"
2026-04-26 12:20:07,106 - INFO - [pipeline.py:236] - [Grade: A] Saved to: /Users/kenfasano/Scripts/ScreenArt/Images/TransformedImages/JMD_Rosette_Rotated1024-A_bd96.jpg
2026-04-26 12:20:07,120 - INFO - [pipeline.py:122] - "FractalWarpTransformer","iter=1,scale=0.05"
2026-04-26 12:20:07,124 - INFO - [pipeline.py:122] - "ColormapTransformer","map=bone"
2026-04-26 12:20:07,134 - INFO - [pipeline.py:122] - "GlitchWarpTransformer","intensity=0.01"
2026-04-26 12:20:07,141 - INFO - [pipeline.py:236] - [Grade: A] Saved to: /Users/kenfasano/Scripts/ScreenArt/Images/TransformedImages/LunarEclipseCologne_Junius_960-A_f427.jpg
2026-04-26 12:20:07,150 - INFO - [pipeline.py:122] - "PosterizationTransformer","levels=4"
2026-04-26 12:20:07,158 - INFO - [pipeline.py:122] - "RadialWarpTransformer","radius=0.25,strength=73.58861333943858,44.276922667522,106.89051363533798,style=pull,push,push"
2026-04-26 12:20:07,174 - INFO - [pipeline.py:122] - "MeltMorphTransformer","intensity=0.50"
2026-04-26 12:20:07,180 - INFO - [pipeline.py:236] - [Grade: A] Saved to: /Users/kenfasano/Scripts/ScreenArt/Images/TransformedImages/earth_cassinimessenger_1024c-A_2606.jpg
2026-04-26 12:20:07,231 - INFO - [pipeline.py:122] - "FluidWarpTransformer","alpha=1.29,sigma=4.03"
2026-04-26 12:20:07,269 - INFO - [pipeline.py:122] - "SwirlWarpTransformer","strength=1.50"
2026-04-26 12:20:07,323 - INFO - [pipeline.py:122] - "KaleidoscopeTransformer","cx_off=0.15,cy_off=-0.12,segments=8"
2026-04-26 12:20:07,364 - INFO - [pipeline.py:122] - "PixelSortTransformer","direction=rows,high=0.60,low=0.10,sort_key=brightness"
2026-04-26 12:20:07,383 - INFO - [pipeline.py:236] - [Grade: A] Saved to: /Users/kenfasano/Scripts/ScreenArt/Images/TransformedImages/peace_0-A_0477.jpeg
2026-04-26 12:20:07,418 - INFO - [pipeline.py:122] - "FisheyeTransformer","shape=oval,strength=0.54,zoom=1.01"
2026-04-26 12:20:07,438 - INFO - [pipeline.py:236] - [Grade: C] Saved to: /Users/kenfasano/Scripts/ScreenArt/Images/TransformedImages/peace_1-C_098b.jpeg
2026-04-26 12:20:07,497 - INFO - [pipeline.py:122] - "HalftoneTransformer","size=2"
2026-04-26 12:20:07,513 - INFO - [pipeline.py:236] - [Grade: A] Saved to: /Users/kenfasano/Scripts/ScreenArt/Images/TransformedImages/peace_2-A_2d2a.jpeg
2026-04-26 12:20:07,568 - INFO - [pipeline.py:122] - "PixelSortTransformer","direction=cols,high=0.57,low=0.09,sort_key=green"
2026-04-26 12:20:07,580 - INFO - [pipeline.py:122] - "SwirlWarpTransformer","strength=1.50"
2026-04-26 12:20:07,591 - INFO - [pipeline.py:122] - "DataMoshTransformer","intensity=0.02"
2026-04-26 12:20:07,600 - INFO - [pipeline.py:122] - "GlitchWarpTransformer","intensity=0.01"
2026-04-26 12:20:07,608 - INFO - [pipeline.py:236] - [Grade: B] Saved to: /Users/kenfasano/Scripts/ScreenArt/Images/TransformedImages/peripheral_drift_2-B_8f73.jpeg
2026-04-26 12:20:07,614 - INFO - [pipeline.py:122] - "PosterizationTransformer","levels=4"
2026-04-26 12:20:07,622 - INFO - [pipeline.py:122] - "RadialWarpTransformer","radius=0.25,strength=61.35310117357319,47.01196314757748,style=pull,pull"
2026-04-26 12:20:07,639 - INFO - [pipeline.py:122] - "KaleidoscopeTransformer","cx_off=-0.17,cy_off=-0.15,segments=8"
2026-04-26 12:20:07,647 - INFO - [pipeline.py:122] - "GlitchWarpTransformer","intensity=0.01"
2026-04-26 12:20:07,654 - INFO - [pipeline.py:236] - [Grade: A] Saved to: /Users/kenfasano/Scripts/ScreenArt/Images/TransformedImages/peripheral_drift_3-A_25c3.jpeg
2026-04-26 12:20:07,670 - INFO - [pipeline.py:122] - "FractalWarpTransformer","iter=1,scale=0.05"
2026-04-26 12:20:07,685 - INFO - [pipeline.py:122] - "HalftoneTransformer","size=2"
2026-04-26 12:20:07,689 - INFO - [pipeline.py:122] - "PosterizationTransformer","levels=4"
2026-04-26 12:20:07,697 - INFO - [pipeline.py:122] - "GlitchWarpTransformer","intensity=0.01"
2026-04-26 12:20:07,703 - INFO - [pipeline.py:236] - [Grade: A] Saved to: /Users/kenfasano/Scripts/ScreenArt/Images/TransformedImages/peripheral_drift_4-A_8e2a.jpeg
2026-04-26 12:20:07,749 - INFO - [pipeline.py:122] - "VoronoiTransformer","edge_blend=1,num_points=86"
2026-04-26 12:20:07,767 - INFO - [pipeline.py:122] - "FlipWilsonTransformer","keep=left,narrow=0.30"
2026-04-26 12:20:07,772 - INFO - [pipeline.py:122] - "ColormapTransformer","map=cool"
2026-04-26 12:20:07,780 - INFO - [pipeline.py:122] - "GlitchWarpTransformer","intensity=0.01"
2026-04-26 12:20:07,788 - INFO - [pipeline.py:236] - [Grade: C] Saved to: /Users/kenfasano/Scripts/ScreenArt/Images/TransformedImages/peripheral_drift_5-C_0fee.jpeg
2026-04-26 12:20:07,796 - INFO - [pipeline.py:122] - "ColormapTransformer","map=hsv"
2026-04-26 12:20:07,836 - INFO - [pipeline.py:122] - "PixelSortTransformer","direction=rows,high=0.63,low=0.28,sort_key=blue"
2026-04-26 12:20:07,847 - INFO - [pipeline.py:122] - "SwirlWarpTransformer","strength=1.50"
2026-04-26 12:20:07,856 - INFO - [pipeline.py:236] - [Grade: A] Saved to: /Users/kenfasano/Scripts/ScreenArt/Images/TransformedImages/peripheral_drift_1-A_4c6f.jpeg
2026-04-26 12:20:08,279 - INFO - [pipeline.py:122] - "WheelTransformer","blend=add,copies=5"
2026-04-26 12:20:08,315 - INFO - [pipeline.py:236] - [Grade: A] Saved to: /Users/kenfasano/Scripts/ScreenArt/Images/TransformedImages/static_favorite_1-A_9380.jpeg
2026-04-26 12:20:08,476 - INFO - [pipeline.py:122] - "FluidWarpTransformer","alpha=7.78,sigma=7.94"
2026-04-26 12:20:08,866 - INFO - [pipeline.py:122] - "WheelTransformer","blend=add,copies=5"
2026-04-26 12:20:08,894 - INFO - [pipeline.py:122] - "PosterizationTransformer","levels=4"
2026-04-26 12:20:08,974 - INFO - [pipeline.py:122] - "FractalWarpTransformer","iter=1,scale=0.05"
2026-04-26 12:20:09,008 - INFO - [pipeline.py:236] - [Grade: B] Saved to: /Users/kenfasano/Scripts/ScreenArt/Images/TransformedImages/static_favorite_0-B_26a9.jpeg
2026-04-26 12:20:09,063 - INFO - [pipeline.py:122] - "ColormapTransformer","map=hsv"
2026-04-26 12:20:09,115 - INFO - [pipeline.py:236] - [Grade: B] Saved to: /Users/kenfasano/Scripts/ScreenArt/Images/TransformedImages/static_mandala_0-B_a840.jpeg
2026-04-26 12:20:09,207 - INFO - [pipeline.py:122] - "SwirlWarpTransformer","strength=1.50"
2026-04-26 12:20:09,267 - INFO - [pipeline.py:122] - "FractalWarpTransformer","iter=1,scale=0.05"
2026-04-26 12:20:09,656 - INFO - [pipeline.py:122] - "WatercolorTransformer","scale=0.85,style=psychedelic"
2026-04-26 12:20:09,688 - INFO - [pipeline.py:236] - [Grade: A] Saved to: /Users/kenfasano/Scripts/ScreenArt/Images/TransformedImages/static_mandala_1-A_80b4.jpeg
2026-04-26 12:20:09,723 - INFO - [pipeline.py:122] - "KaleidoscopeTransformer","cx_off=-0.07,cy_off=-0.06,segments=8"
2026-04-26 12:20:09,735 - INFO - [pipeline.py:122] - "FisheyeTransformer","shape=oval,strength=0.32,zoom=0.99"
2026-04-26 12:20:09,742 - INFO - [pipeline.py:122] - "PosterizationTransformer","levels=4"
2026-04-26 12:20:09,755 - INFO - [pipeline.py:236] - [Grade: A] Saved to: /Users/kenfasano/Scripts/ScreenArt/Images/TransformedImages/static_mandala_2-A_d882.jpeg
2026-04-26 12:20:09,827 - INFO - [pipeline.py:122] - "ColormapTransformer","map=ocean"
2026-04-26 12:20:09,915 - INFO - [pipeline.py:122] - "SwirlWarpTransformer","strength=1.50"
2026-04-26 12:20:09,970 - INFO - [pipeline.py:236] - [Grade: B] Saved to: /Users/kenfasano/Scripts/ScreenArt/Images/TransformedImages/static_mandala_3-B_0aae.jpeg
2026-04-26 12:20:10,128 - INFO - [pipeline.py:122] - "HalftoneTransformer","size=2"
2026-04-26 12:20:10,210 - INFO - [pipeline.py:122] - "ThermalImagingTransformer","thermal=True"
2026-04-26 12:20:10,603 - INFO - [pipeline.py:122] - "WheelTransformer","blend=add,copies=5"
2026-04-26 12:20:10,640 - INFO - [pipeline.py:236] - [Grade: A] Saved to: /Users/kenfasano/Scripts/ScreenArt/Images/TransformedImages/Quincy_E-A_d976.jpeg
2026-04-26 12:20:10,765 - INFO - [pipeline.py:122] - "DataMoshTransformer","intensity=0.02"
2026-04-26 12:20:10,812 - INFO - [pipeline.py:236] - [Grade: A] Saved to: /Users/kenfasano/Scripts/ScreenArt/Images/TransformedImages/Кресло-к-A_19a1.jpeg
2026-04-26 12:20:10,894 - INFO - [pipeline.py:122] - "MeltMorphTransformer","intensity=0.50"
2026-04-26 12:20:10,942 - INFO - [pipeline.py:122] - "FluidWarpTransformer","alpha=12.96,sigma=3.36"
2026-04-26 12:20:10,975 - INFO - [pipeline.py:122] - "FisheyeTransformer","shape=circle,strength=0.37,zoom=0.88"
2026-04-26 12:20:10,999 - INFO - [pipeline.py:236] - [Grade: A] Saved to: /Users/kenfasano/Scripts/ScreenArt/Images/TransformedImages/Кременец-A_9109.jpeg
2026-04-26 12:20:11,170 - INFO - [pipeline.py:122] - "HalftoneTransformer","size=2"
2026-04-26 12:20:11,763 - INFO - [pipeline.py:122] - "WatercolorTransformer","scale=0.85,style=psychedelic"
2026-04-26 12:20:12,233 - INFO - [pipeline.py:122] - "WheelTransformer","blend=add,copies=5"
2026-04-26 12:20:12,274 - INFO - [pipeline.py:236] - [Grade: A] Saved to: /Users/kenfasano/Scripts/ScreenArt/Images/TransformedImages/Vol._06_-A_3d0a.jpeg
2026-04-26 12:20:12,351 - INFO - [pipeline.py:122] - "FlipWilsonTransformer","keep=left,narrow=0.30"
2026-04-26 12:20:12,392 - INFO - [pipeline.py:122] - "FractalWarpTransformer","iter=1,scale=0.05"
2026-04-26 12:20:12,407 - INFO - [pipeline.py:122] - "ColormapTransformer","map=winter"
2026-04-26 12:20:12,548 - INFO - [pipeline.py:122] - "PixelSortTransformer","direction=rows,high=0.81,low=0.19,sort_key=brightness"
2026-04-26 12:20:12,571 - INFO - [pipeline.py:236] - [Grade: A] Saved to: /Users/kenfasano/Scripts/ScreenArt/Images/TransformedImages/柯文哲_IMG_-A_b05a.jpeg
2026-04-26 12:20:13,204 - INFO - [pipeline.py:122] - "PixelSortTransformer","direction=cols,high=0.81,low=0.05,sort_key=blue"
2026-04-26 12:20:13,248 - INFO - [pipeline.py:122] - "DataMoshTransformer","intensity=0.01"
2026-04-26 12:20:13,513 - INFO - [pipeline.py:122] - "WatercolorTransformer","scale=0.85,style=monet"
2026-04-26 12:20:13,548 - INFO - [pipeline.py:122] - "FluidWarpTransformer","alpha=2.40,sigma=1.26"
2026-04-26 12:20:13,573 - INFO - [pipeline.py:236] - [Grade: A] Saved to: /Users/kenfasano/Scripts/ScreenArt/Images/TransformedImages/Burgturm_Odenki-A_a10c.jpeg
2026-04-26 12:20:13,740 - INFO - [pipeline.py:122] - "WheelTransformer","blend=add,copies=5"
2026-04-26 12:20:13,761 - INFO - [pipeline.py:122] - "ChromaticAberrationTransformer","angle=10.20,edge_fade=1,shift=16.80"
2026-04-26 12:20:13,784 - INFO - [pipeline.py:122] - "GlitchWarpTransformer","intensity=0.01"
2026-04-26 12:20:13,801 - INFO - [pipeline.py:236] - [Grade: A] Saved to: /Users/kenfasano/Scripts/ScreenArt/Images/TransformedImages/Divine_I-A_89fe.jpeg
2026-04-26 12:20:13,886 - INFO - [pipeline.py:122] - "SwirlWarpTransformer","strength=1.50"
2026-04-26 12:20:13,950 - INFO - [pipeline.py:122] - "FractalWarpTransformer","iter=1,scale=0.05"
2026-04-26 12:20:13,974 - INFO - [pipeline.py:236] - [Grade: C] Saved to: /Users/kenfasano/Scripts/ScreenArt/Images/TransformedImages/Intersta-C_43da.jpeg
2026-04-26 12:20:13,998 - INFO - [pipeline.py:122] - "MeltMorphTransformer","intensity=0.50"
2026-04-26 12:20:14,013 - INFO - [pipeline.py:122] - "FractalWarpTransformer","iter=1,scale=0.05"
2026-04-26 12:20:14,022 - INFO - [pipeline.py:122] - "GlitchWarpTransformer","intensity=0.01"
2026-04-26 12:20:14,031 - INFO - [pipeline.py:236] - [Grade: A] Saved to: /Users/kenfasano/Scripts/ScreenArt/Images/TransformedImages/Harmansole_Cott-A_1fb2.jpeg
2026-04-26 12:20:14,109 - INFO - [pipeline.py:122] - "WheelTransformer","blend=add,copies=5"
2026-04-26 12:20:14,132 - INFO - [pipeline.py:122] - "KaleidoscopeTransformer","cx_off=-0.11,cy_off=0.12,segments=8"
2026-04-26 12:20:14,139 - INFO - [pipeline.py:122] - "RadialWarpTransformer","radius=0.25,strength=102.25479669148952,style=push"
2026-04-26 12:20:14,149 - INFO - [pipeline.py:122] - "GlitchWarpTransformer","intensity=0.01"
2026-04-26 12:20:14,158 - INFO - [pipeline.py:236] - [Grade: A] Saved to: /Users/kenfasano/Scripts/ScreenArt/Images/TransformedImages/Pheidole_megace-A_f280.jpeg
2026-04-26 12:20:14,161 - INFO - [main.py:204] - WatercolorTransformer
2026-04-26 12:20:14,161 - INFO - [main.py:204] - WheelTransformer
2026-04-26 12:20:14,161 - INFO - [main.py:204] - PixelSortTransformer
2026-04-26 12:20:14,162 - INFO - [main.py:204] - VoronoiTransformer
2026-04-26 12:20:14,162 - INFO - [main.py:204] - ThermalImagingTransformer
2026-04-26 12:20:14,162 - INFO - [main.py:204] - HalftoneTransformer
2026-04-26 12:20:14,162 - INFO - [main.py:204] - FlipWilsonTransformer
2026-04-26 12:20:14,162 - INFO - [main.py:204] - SwirlWarpTransformer
2026-04-26 12:20:14,162 - INFO - [main.py:204] - OilPaintingTransformer
2026-04-26 12:20:14,162 - INFO - [main.py:204] - MeltMorphTransformer
2026-04-26 12:20:14,162 - INFO - [main.py:204] - FluidWarpTransformer
2026-04-26 12:20:14,162 - INFO - [main.py:204] - FractalWarpTransformer
2026-04-26 12:20:14,162 - INFO - [main.py:204] - DataMoshTransformer
2026-04-26 12:20:14,162 - INFO - [main.py:204] - KaleidoscopeTransformer
2026-04-26 12:20:14,162 - INFO - [main.py:204] - FisheyeTransformer
2026-04-26 12:20:14,162 - INFO - [main.py:204] - ChromaticAberrationTransformer
2026-04-26 12:20:14,162 - INFO - [main.py:204] - GlitchWarpTransformer
2026-04-26 12:20:14,162 - INFO - [main.py:204] - RadialWarpTransformer
2026-04-26 12:20:14,162 - INFO - [main.py:204] - ColormapTransformer
2026-04-26 12:20:14,162 - INFO - [main.py:204] - PosterizationTransformer
2026-04-26 12:20:14,162 - INFO - [main.py:258] - 33s@12:20 ✓
Accepted: 57
Rejected: 2
TransformedImages: 64.70 MB
---
Wiki                       -> 12673ms
Bible                      ->  2051ms
Peace                      ->  1634ms
Lojong                     ->  1173ms
Nasa                       ->  1119ms
AsciiScreenArt             ->  1071ms
NasaMapGenerator           ->  1023ms
GoesGenerator              ->   590ms
Bubbles                    ->   282ms
Cubes                      ->    92ms
PeripheralDriftIllusion    ->    77ms
MandalaDraw                ->    35ms
StaticMandala              ->    15ms
StaticFavorites            ->     5ms
---
WatercolorTransformer            -> Min:   214ms | Avg:   335ms | Max:   593ms
WheelTransformer                 -> Min:    70ms | Avg:   258ms | Max:   470ms
PixelSortTransformer             -> Min:    40ms | Avg:   187ms | Max:   620ms
VoronoiTransformer               -> Min:    43ms | Avg:   116ms | Max:   189ms
ThermalImagingTransformer        -> Min:    36ms | Avg:    59ms | Max:    81ms
HalftoneTransformer              -> Min:    12ms | Avg:    56ms | Max:   156ms
FlipWilsonTransformer            -> Min:    18ms | Avg:    52ms | Max:    76ms
SwirlWarpTransformer             -> Min:    11ms | Avg:    43ms | Max:    88ms
OilPaintingTransformer           -> Min:    29ms | Avg:    40ms | Max:    52ms
MeltMorphTransformer             -> Min:    16ms | Avg:    40ms | Max:    70ms
FluidWarpTransformer             -> Min:     9ms | Avg:    40ms | Max:   139ms
FractalWarpTransformer           -> Min:    11ms | Avg:    39ms | Max:    79ms
DataMoshTransformer              -> Min:    10ms | Avg:    35ms | Max:   102ms
KaleidoscopeTransformer          -> Min:    16ms | Avg:    28ms | Max:    53ms
FisheyeTransformer               -> Min:     6ms | Avg:    21ms | Max:    32ms
ChromaticAberrationTransformer   -> Min:     9ms | Avg:    15ms | Max:    20ms
GlitchWarpTransformer            -> Min:     7ms | Avg:    14ms | Max:    27ms
RadialWarpTransformer            -> Min:     7ms | Avg:    13ms | Max:    24ms
ColormapTransformer              -> Min:     4ms | Avg:    12ms | Max:    33ms
PosterizationTransformer         -> Min:     4ms | Avg:    10ms | Max:    28ms
